(WriteImageCmd (IntExpr 6) "bD2")
(StmtCmd (AssertStmt (FloatExpr 0) "$W"))
(TimeCmd (StmtCmd (PrintCmd "")))
(ShowCmd (CallExpr T))
(TimeCmd (StmtCmd (PrintCmd "")))
