(PrintCmd "")
(TimeCmd (StmtCmd (TimeCmd (StmtCmd (ReadImageCmd "3d" (VarArgument C1H.))))))
