(ReadImageCmd "" (VarArgument L))
(TimeCmd (AssertStmt (IntExpr 3) "u%"))
