(TimeCmd (StmtCmd (ReturnStmt (FloatExpr 8))))
(PrintCmd ";")
(TimeCmd (StmtCmd (PrintCmd ";/")))
(ShowCmd (CallExpr C))
(StmtCmd (ReturnStmt (FloatExpr 0)))
(PrintCmd "")
