(ReadImageCmd "" (VarArgument a))
(TimeCmd (ReadImageCmd "" (VarArgument K)))
(StmtCmd (AssertStmt (FloatExpr 0) ""))
(ShowCmd (IntExpr 99))
(TimeCmd (LetStmt (ArgLValue (VarArgument B)) (VarExpr R)))
(PrintCmd "i")
(WriteImageCmd (VarExpr s) "")
