(PrintCmd "[")
(WriteImageCmd (FloatExpr 91461) "")
(TimeCmd (StmtCmd (TimeCmd (StmtCmd (TimeCmd (StmtCmd (PrintCmd "")))))))
(PrintCmd "s")
(StmtCmd (AssertStmt (VarExpr Q) "P`"))
