(WriteImageCmd (CallExpr O) "L%")
(TimeCmd
 (StmtCmd
  (TimeCmd (StmtCmd (TimeCmd (StmtCmd (WriteImageCmd (IntExpr 3) "/?Q6")))))))
(TimeCmd (StmtCmd (TimeCmd (StmtCmd (WriteImageCmd (VarExpr f9L.) "")))))
