(PrintCmd "")
(TimeCmd (ReturnStmt (FloatExpr 69)))
