(ReadImageCmd "J" (VarArgument a))
(PrintCmd "")
(TimeCmd (StmtCmd (ShowCmd (IntExpr 329))))
