(TimeCmd (StmtCmd (ShowCmd (VarExpr a5k.))))
(ShowCmd (CallExpr G2n.))
