(ReadImageCmd "" (VarArgument F))
(TimeCmd (StmtCmd (WriteImageCmd (CallExpr f0M.5V.) "mp+-j")))
