(PrintCmd "fo")
(WriteImageCmd (IntExpr 18) "")
(TimeCmd (StmtCmd (WriteImageCmd (CallExpr z) "")))
(TimeCmd (StmtCmd (PrintCmd "")))
(ShowCmd (IntExpr 5))
(PrintCmd "")
(ReadImageCmd "" (VarArgument E))
(PrintCmd ".Ry")
