(TimeCmd (AssertStmt (VarExpr Z) "t"))
(StmtCmd (AssertStmt (FloatExpr 704) "+"))
(ShowCmd (FloatExpr 69108008))
(TimeCmd (AssertStmt (IntExpr 8) "S"))
(PrintCmd "")
(TimeCmd (WriteImageCmd (VarExpr k4H_) "`"))
