(ShowCmd (IntExpr 3))
(TimeCmd (StmtCmd (TimeCmd (StmtCmd (ReadImageCmd "K" (VarArgument h))))))
(WriteImageCmd (IntExpr 5) "")
(StmtCmd (LetStmt (ArgLValue (VarArgument r)) (IntExpr 2)))
(ShowCmd (IntExpr 5))
