(ShowCmd (FloatExpr 0))
(ReadImageCmd "y" (VarArgument S3Y.))
(ShowCmd (FloatExpr 72597))
(WriteImageCmd (IntExpr 2486) "")
(StmtCmd (AssertStmt (VarExpr q) ""))
(WriteImageCmd (VarExpr w) "")
(TimeCmd (StmtCmd (WriteImageCmd (CallExpr g8J.2u.6q_ (VarExpr M)) "")))
(TimeCmd (StmtCmd (ShowCmd (IntExpr 912))))
(PrintCmd "BJ")
(StmtCmd (AssertStmt (VarExpr h) "@tg"))
(StmtCmd (AssertStmt (VarExpr m1g.2Y.6y.) ""))
(TimeCmd (StmtCmd (WriteImageCmd (FloatExpr 273) "")))
(TimeCmd (StmtCmd (ShowCmd (IntExpr 1))))
(TimeCmd (StmtCmd (PrintCmd "")))
(ShowCmd (IntExpr 735))
(StmtCmd (ReturnStmt (VarExpr j)))
