(TimeCmd (StmtCmd (ShowCmd (IntExpr 6))))
(TimeCmd (StmtCmd (ShowCmd (IntExpr 3))))
