(StmtCmd (AssertStmt (IntExpr 3) "T"))
(ShowCmd (CallExpr W))
(ReadImageCmd "" (VarArgument Z))
(ReadImageCmd "" (VarArgument m))
(TimeCmd (StmtCmd (PrintCmd "N")))
(PrintCmd "")
