(TimeCmd (StmtCmd (WriteImageCmd (CallExpr K (FloatExpr 3)) "")))
(TimeCmd (StmtCmd (PrintCmd "")))
(WriteImageCmd (FloatExpr 4) "")
(PrintCmd "")
(StmtCmd (AssertStmt (FloatExpr 0) ""))
(TimeCmd (StmtCmd (TimeCmd (StmtCmd (PrintCmd "")))))
