(StmtCmd (ReturnStmt (VarExpr e)))
(TimeCmd (StmtCmd (PrintCmd "")))
