(WriteImageCmd (IntExpr 4) "")
(PrintCmd "")
(TimeCmd (StmtCmd (LetStmt (ArgLValue (VarArgument S1D.)) (FloatExpr 0))))
(TimeCmd (StmtCmd (WriteImageCmd (FloatExpr 0) ":")))
