(TimeCmd (StmtCmd (WriteImageCmd (CallExpr E5w.9C.) "Q>.$<0#")))
