(ReadImageCmd "(InP}s" (VarArgument o3K_4z.))
(StmtCmd (ReturnStmt (FloatExpr 0)))
(TimeCmd (StmtCmd (TimeCmd (StmtCmd (ShowCmd (FloatExpr 0))))))
(WriteImageCmd (CallExpr r9V_6g.) "")
