(TimeCmd (StmtCmd (ReadImageCmd "asdf.png" (VarArgument bkahjsgdfbc_2341243))))
(TimeCmd
 (StmtCmd
  (WriteImageCmd
   (VarExpr mhjab__124124.41235sadc_____)
   "mkajhybcr576176387234.png")))
(TimeCmd
 (StmtCmd
  (PrintCmd
   "lmkjchfni 98765   86715248799_+_~!@#$%^&*()_+QWERTYUIOP{}ASDFGHJKL:ZXCVBNM<>?|}}|}|?>?")))
(TimeCmd (StmtCmd (WriteImageCmd (IntExpr 1234) "7862341787cnhlkasufcn.png")))
(TimeCmd
 (StmtCmd (WriteImageCmd (IntExpr 1241) "lmaiuh812678671987qnasml.png")))
(TimeCmd (StmtCmd (WriteImageCmd (IntExpr 12345) "___-=-02149-0987.png")))
(TimeCmd (StmtCmd (WriteImageCmd (FloatExpr 0) "nakmuly87616590-41=-.png")))
(TimeCmd (StmtCmd (WriteImageCmd (FloatExpr 9847) "8-a-17c0ma;slk[.png")))
(TimeCmd (StmtCmd (WriteImageCmd (FloatExpr 91042) " najno1i64910 nhpqc.png")))
(TimeCmd
 (StmtCmd (WriteImageCmd (VarExpr a877164_____) "17608 [ab ksnlmq876h.png")))
(TimeCmd
 (StmtCmd
  (WriteImageCmd
   (VarExpr hnab____8675124967.._.__...._lkjhagfscjq_1nkj14g1bc_124ac)
   "mliackuyt784165 ba.png")))
(TimeCmd (StmtCmd (WriteImageCmd (CallExpr amlisdfnvi) "167479 qnm.png")))
(TimeCmd
 (StmtCmd
  (WriteImageCmd
   (CallExpr
    asfd__
    (IntExpr 1)
    (IntExpr 2)
    (IntExpr 5)
    (IntExpr 6)
    (IntExpr 7))
   "jil14u719n.png")))
(TimeCmd
 (StmtCmd
  (WriteImageCmd
   (CallExpr
    lascmnj
    (IntExpr 12312)
    (FloatExpr 9)
    (VarExpr jmnkag__.1241.._123314)
    (CallExpr mjakscfnh (VarExpr amkjc) (IntExpr 1241) (FloatExpr 1923)))
   "1lmiu4hc.png")))
(TimeCmd
 (StmtCmd
  (PrintCmd
   "k anchkfn ~!@#%^&*()_+QWERTYUIOP{}|ASDFGHJKL:ZXCVBNM<>?`1234567890-=qwertyuiop[]\asdfghjkl;'zxcvbnm,./~`")))
(TimeCmd (StmtCmd (ShowCmd (IntExpr 134))))
(TimeCmd (StmtCmd (ShowCmd (IntExpr 13410))))
(TimeCmd (StmtCmd (ShowCmd (FloatExpr 0))))
(TimeCmd (StmtCmd (ShowCmd (FloatExpr 1241))))
(TimeCmd (StmtCmd (ShowCmd (FloatExpr 12948))))
(TimeCmd (StmtCmd (ShowCmd (VarExpr kajhgbq__..___214))))
(TimeCmd (StmtCmd (ShowCmd (VarExpr lkjmhna14433))))
(TimeCmd
 (StmtCmd
  (ShowCmd
   (CallExpr
    kauhbfkc
    (IntExpr 1)
    (IntExpr 2)
    (IntExpr 4)
    (IntExpr 563)
    (IntExpr 376)
    (FloatExpr 0)
    (CallExpr
     ascf2cwq
     (IntExpr 41424)
     (FloatExpr 1241)
     (CallExpr asdcf (IntExpr 1243)))))))
